F:\JavaWeb\rhinox_web_project\spring-web-quickstart\teaching-comment-system\src\main\java\com\rhinox\pojo\Brand.java
F:\JavaWeb\rhinox_web_project\spring-web-quickstart\teaching-comment-system\src\main\java\com\rhinox\util\CheckCodeUtil.java
F:\JavaWeb\rhinox_web_project\spring-web-quickstart\teaching-comment-system\src\main\java\com\rhinox\web\servlet\CheckCodeServlet.java
F:\JavaWeb\rhinox_web_project\spring-web-quickstart\teaching-comment-system\src\main\java\com\rhinox\mapper\UserMapper.java
F:\JavaWeb\rhinox_web_project\spring-web-quickstart\teaching-comment-system\src\main\java\com\rhinox\util\SqlSessionFactoryUtils.java
F:\JavaWeb\rhinox_web_project\spring-web-quickstart\teaching-comment-system\src\main\java\com\rhinox\web\servlet\RegisterServlet.java
F:\JavaWeb\rhinox_web_project\spring-web-quickstart\teaching-comment-system\src\main\java\com\rhinox\web\servlet\LoginServlet.java
F:\JavaWeb\rhinox_web_project\spring-web-quickstart\teaching-comment-system\src\main\java\com\rhinox\service\UserService.java
F:\JavaWeb\rhinox_web_project\spring-web-quickstart\teaching-comment-system\src\main\java\com\rhinox\web\servlet\BaseServlet.java
F:\JavaWeb\rhinox_web_project\spring-web-quickstart\teaching-comment-system\src\main\java\com\rhinox\pojo\PageBean.java
F:\JavaWeb\rhinox_web_project\spring-web-quickstart\teaching-comment-system\src\main\java\com\rhinox\pojo\User.java
F:\JavaWeb\rhinox_web_project\spring-web-quickstart\teaching-comment-system\src\main\java\com\rhinox\web\servlet\UserServlet.java
